Analyzing admin_member_id_management_page.dart...               

   info - Parameter 'key' could be a super parameter - lib\admin_member_id_management_page.dart:13:9 - use_super_parameters
   info - 'withOpacity' is deprecated and shouldn't be used. Use .withValues() to avoid precision loss - lib\admin_member_id_management_page.dart:174:45 - deprecated_member_use
   info - 'withOpacity' is deprecated and shouldn't be used. Use .withValues() to avoid precision loss - lib\admin_member_id_management_page.dart:273:43 - deprecated_member_use
   info - 'withOpacity' is deprecated and shouldn't be used. Use .withValues() to avoid precision loss - lib\admin_member_id_management_page.dart:301:55 - deprecated_member_use
   info - 'withOpacity' is deprecated and shouldn't be used. Use .withValues() to avoid precision loss - lib\admin_member_id_management_page.dart:336:58 - deprecated_member_use
   info - 'withOpacity' is deprecated and shouldn't be used. Use .withValues() to avoid precision loss - lib\admin_member_id_management_page.dart:339:60 - deprecated_member_use
   info - 'withOpacity' is deprecated and shouldn't be used. Use .withValues() to avoid precision loss - lib\admin_member_id_management_page.dart:353:60 - deprecated_member_use
   info - 'withOpacity' is deprecated and shouldn't be used. Use .withValues() to avoid precision loss - lib\admin_member_id_management_page.dart:364:60 - deprecated_member_use
   info - 'withOpacity' is deprecated and shouldn't be used. Use .withValues() to avoid precision loss - lib\admin_member_id_management_page.dart:444:43 - deprecated_member_use
   info - 'withOpacity' is deprecated and shouldn't be used. Use .withValues() to avoid precision loss - lib\admin_member_id_management_page.dart:472:39 - deprecated_member_use
   info - 'withOpacity' is deprecated and shouldn't be used. Use .withValues() to avoid precision loss - lib\admin_member_id_management_page.dart:499:47 - deprecated_member_use
  error - Expected to find ')' - lib\admin_member_id_management_page.dart:552:34 - expected_token
   info - 'withOpacity' is deprecated and shouldn't be used. Use .withValues() to avoid precision loss - lib\admin_member_id_management_page.dart:623:43 - deprecated_member_use
   info - 'withOpacity' is deprecated and shouldn't be used. Use .withValues() to avoid precision loss - lib\admin_member_id_management_page.dart:652:39 - deprecated_member_use
   info - 'withOpacity' is deprecated and shouldn't be used. Use .withValues() to avoid precision loss - lib\admin_member_id_management_page.dart:665:47 - deprecated_member_use
  error - Expected to find ')' - lib\admin_member_id_management_page.dart:702:34 - expected_token
   info - 'withOpacity' is deprecated and shouldn't be used. Use .withValues() to avoid precision loss - lib\admin_member_id_management_page.dart:759:31 - deprecated_member_use
   info - 'withOpacity' is deprecated and shouldn't be used. Use .withValues() to avoid precision loss - lib\admin_member_id_management_page.dart:769:33 - deprecated_member_use
   info - 'withOpacity' is deprecated and shouldn't be used. Use .withValues() to avoid precision loss - lib\admin_member_id_management_page.dart:774:35 - deprecated_member_use
   info - 'withOpacity' is deprecated and shouldn't be used. Use .withValues() to avoid precision loss - lib\admin_member_id_management_page.dart:841:33 - deprecated_member_use
   info - 'withOpacity' is deprecated and shouldn't be used. Use .withValues() to avoid precision loss - lib\admin_member_id_management_page.dart:844:35 - deprecated_member_use
   info - 'withOpacity' is deprecated and shouldn't be used. Use .withValues() to avoid precision loss - lib\admin_member_id_management_page.dart:905:30 - deprecated_member_use
   info - 'withOpacity' is deprecated and shouldn't be used. Use .withValues() to avoid precision loss - lib\admin_member_id_management_page.dart:906:31 - deprecated_member_use
   info - 'withOpacity' is deprecated and shouldn't be used. Use .withValues() to avoid precision loss - lib\admin_member_id_management_page.dart:911:35 - deprecated_member_use
   info - 'withOpacity' is deprecated and shouldn't be used. Use .withValues() to avoid precision loss - lib\admin_member_id_management_page.dart:916:37 - deprecated_member_use
   info - 'withOpacity' is deprecated and shouldn't be used. Use .withValues() to avoid precision loss - lib\admin_member_id_management_page.dart:943:46 - deprecated_member_use
   info - 'withOpacity' is deprecated and shouldn't be used. Use .withValues() to avoid precision loss - lib\admin_member_id_management_page.dart:945:47 - deprecated_member_use
   info - 'withOpacity' is deprecated and shouldn't be used. Use .withValues() to avoid precision loss - lib\admin_member_id_management_page.dart:952:53 - deprecated_member_use
   info - 'withOpacity' is deprecated and shouldn't be used. Use .withValues() to avoid precision loss - lib\admin_member_id_management_page.dart:1038:43 - deprecated_member_use
   info - 'withOpacity' is deprecated and shouldn't be used. Use .withValues() to avoid precision loss - lib\admin_member_id_management_page.dart:1066:39 - deprecated_member_use
   info - 'withOpacity' is deprecated and shouldn't be used. Use .withValues() to avoid precision loss - lib\admin_member_id_management_page.dart:1093:47 - deprecated_member_use
  error - Expected to find ')' - lib\admin_member_id_management_page.dart:1146:34 - expected_token
   info - 'withOpacity' is deprecated and shouldn't be used. Use .withValues() to avoid precision loss - lib\admin_member_id_management_page.dart:1204:31 - deprecated_member_use
   info - 'withOpacity' is deprecated and shouldn't be used. Use .withValues() to avoid precision loss - lib\admin_member_id_management_page.dart:1214:33 - deprecated_member_use
   info - 'withOpacity' is deprecated and shouldn't be used. Use .withValues() to avoid precision loss - lib\admin_member_id_management_page.dart:1219:35 - deprecated_member_use

flutter : 35 issues found. (ran in 1.3s)
At line:1 char:110
+ ... obile_app"; flutter analyze lib/admin_member_id_management_page.dart  ...
+                 ~~~~~~~~~~~~~~~~~~~~~~~~~~~~~~~~~~~~~~~~~~~~~~~~~~~~~~~~~
    + CategoryInfo          : NotSpecified: (35 issues found. (ran in 1.3s):String) [], RemoteException
    + FullyQualifiedErrorId : NativeCommandError
 
